// Jest Snapshot v1, https://goo.gl/fbAQLP

exports[`App component should match snap shot 1`] = `
<div
  className="fullHeight"
>
  <header
    className="MuiPaper-root MuiPaper-elevation4 MuiAppBar-root nav-container MuiAppBar-positionStatic MuiAppBar-colorPrimary ff7z3s-0 ixKqbe"
  >
    <div
      className="MuiToolbar-root MuiToolbar-regular MuiToolbar-gutters"
    >
      <p
        className="MuiTypography-root MuiTypography-body1 MuiTypography-colorInherit"
        style={
          Object {
            "flexGrow": 1,
          }
        }
      >
        Test title
      </p>
      <button
        className="MuiButtonBase-root MuiButton-root MuiButton-text MuiButton-flat"
        disabled={false}
        onBlur={[Function]}
        onClick={[Function]}
        onContextMenu={[Function]}
        onFocus={[Function]}
        onKeyDown={[Function]}
        onKeyUp={[Function]}
        onMouseDown={[Function]}
        onMouseLeave={[Function]}
        onMouseUp={[Function]}
        onTouchEnd={[Function]}
        onTouchMove={[Function]}
        onTouchStart={[Function]}
        tabIndex="0"
        type="button"
      >
        <span
          className="MuiButton-label"
        >
          Login
        </span>
        <span
          className="MuiTouchRipple-root"
        />
      </button>
      <button
        className="MuiButtonBase-root MuiButton-root MuiButton-text MuiButton-flat"
        disabled={false}
        onBlur={[Function]}
        onClick={[Function]}
        onContextMenu={[Function]}
        onFocus={[Function]}
        onKeyDown={[Function]}
        onKeyUp={[Function]}
        onMouseDown={[Function]}
        onMouseLeave={[Function]}
        onMouseUp={[Function]}
        onTouchEnd={[Function]}
        onTouchMove={[Function]}
        onTouchStart={[Function]}
        tabIndex="0"
        type="button"
      >
        <span
          className="MuiButton-label"
        >
          Register
        </span>
        <span
          className="MuiTouchRipple-root"
        />
      </button>
    </div>
  </header>
  <main
    id="main"
  >
    <div>
      <p>
        Test app children
      </p>
    </div>
  </main>
</div>
`;

exports[`App component should match snap shot 2`] = `
<div
  className="fullHeight"
>
  <main
    id="main"
  >
    <div>
      <p>
        Test app children
      </p>
    </div>
  </main>
</div>
`;
